// Jest Snapshot v1, https://goo.gl/fbAQLP

exports[`App renders correctly 1`] = `
<DocumentFragment>
  <div
    class=""
  >
    <div>
      Hello
    </div>
    <div
      class="sign-in-container"
    >
      <form>
        <img
          alt="app-logo"
          src="logo.png"
        />
        <h1>
          Log In to your Account
        </h1>
        <label>
          Email Address
          <input
            placeholder="user@example.com"
            required=""
            type="email"
            value=""
          />
        </label>
        <label>
          Password
          <input
            maxlength="50"
            minlength="10"
            placeholder="10-50 characters"
            required=""
            type="password"
            value=""
          />
        </label>
        <button
          type="submit"
        >
          Log In
        </button>
      </form>
      <a
        href="/sign-up"
      >
        Not registered? Sign up here 
      </a>
      <div>
        <a
          alt="twitter"
          href="https://twitter.com/"
        >
          Twitter
        </a>
        <a
          alt="Facebook"
          href="https://facebook.com/"
        >
          Facebook
        </a>
        <a
          alt="Instagram"
          href="https://instagram.com/"
        >
          Instagram
        </a>
      </div>
    </div>
  </div>
</DocumentFragment>
`;
